<!DOCTYPE html><html lang="en"><head><meta charset="utf-8"><meta name="viewport" content="width=device-width, initial-scale=1.0"><meta name="generator" content="rustdoc"><meta name="description" content="API documentation for the Rust `expected` crate."><meta name="keywords" content="rust, rustlang, rust-lang, expected"><title>expected - Rust</title><link rel="stylesheet" type="text/css" href="../normalize.css"><link rel="stylesheet" type="text/css" href="../rustdoc.css" id="mainThemeStyle"><link rel="stylesheet" type="text/css" href="../dark.css"><link rel="stylesheet" type="text/css" href="../light.css" id="themeStyle"><script src="../storage.js"></script><noscript><link rel="stylesheet" href="../noscript.css"></noscript><link rel="shortcut icon" href="../favicon.ico"><style type="text/css">#crate-search{background-image:url("../down-arrow.svg");}</style></head><body class="rustdoc mod"><!--[if lte IE 8]><div class="warning">This old browser is unsupported and will most likely display funky things.</div><![endif]--><nav class="sidebar"><div class="sidebar-menu">&#9776;</div><a href='../expected/index.html'><div class='logo-container'><img src='../rust-logo.png' alt='logo'></div></a><p class='location'>Crate expected</p><div class="sidebar-elems"><a id='all-types' href='all.html'><p>See all expected's items</p></a><div class="block items"><ul><li><a href="#macros">Macros</a></li><li><a href="#structs">Structs</a></li><li><a href="#traits">Traits</a></li><li><a href="#functions">Functions</a></li></ul></div><p class='location'></p><script>window.sidebarCurrent = {name: 'expected', ty: 'mod', relpath: '../'};</script></div></nav><div class="theme-picker"><button id="theme-picker" aria-label="Pick another theme!"><img src="../brush.svg" width="18" alt="Pick another theme!"></button><div id="theme-choices"></div></div><script src="../theme.js"></script><nav class="sub"><form class="search-form"><div class="search-container"><div><select id="crate-search"><option value="All crates">All crates</option></select><input class="search-input" name="search" disabled autocomplete="off" spellcheck="false" placeholder="Click or press ‘S’ to search, ‘?’ for more options…" type="search"></div><a id="settings-menu" href="../settings.html"><img src="../wheel.svg" width="18" alt="Change settings"></a></div></form></nav><section id="main" class="content"><h1 class='fqn'><span class='out-of-band'><span id='render-detail'><a id="toggle-all-docs" href="javascript:void(0)" title="collapse all docs">[<span class='inner'>&#x2212;</span>]</a></span><a class='srclink' href='../src/expected/lib.rs.html#1-182' title='goto source code'>[src]</a></span><span class='in-band'>Crate <a class="mod" href=''>expected</a></span></h1><div class='docblock'><p>An assertion utility focused on unit testing.</p>
</div><h2 id='macros' class='section-header'><a href="#macros">Macros</a></h2>
<table><tr class='module-item'><td><a class="macro" href="macro.expect.html" title='expected::expect macro'>expect</a></td><td class='docblock-short'><p>Declare an expectation that the specified conditional expression is true.</p>
</td></tr><tr class='module-item'><td><a class="macro" href="macro.expect_eq.html" title='expected::expect_eq macro'>expect_eq</a></td><td class='docblock-short'><p>Declare an expectation that the specified values are equal.</p>
</td></tr></table><h2 id='structs' class='section-header'><a href="#structs">Structs</a></h2>
<table><tr class='module-item'><td><a class="struct" href="struct.Disappoint.html" title='expected::Disappoint struct'>Disappoint</a></td><td class='docblock-short'></td></tr><tr class='module-item'><td><a class="struct" href="struct.Disappoints.html" title='expected::Disappoints struct'>Disappoints</a></td><td class='docblock-short'><p>A set of disappoints occurred during an execution of <code>asseverate</code>.</p>
</td></tr><tr class='module-item'><td><a class="struct" href="struct.Expected.html" title='expected::Expected struct'>Expected</a></td><td class='docblock-short'></td></tr></table><h2 id='traits' class='section-header'><a href="#traits">Traits</a></h2>
<table><tr class='module-item'><td><a class="trait" href="trait.FutureExpectedExt.html" title='expected::FutureExpectedExt trait'>FutureExpectedExt</a></td><td class='docblock-short'></td></tr></table><h2 id='functions' class='section-header'><a href="#functions">Functions</a></h2>
<table><tr class='module-item'><td><a class="fn" href="fn.expected.html" title='expected::expected fn'>expected</a></td><td class='docblock-short'><p>Run the provided closure and checks to see if all expectation have been satisfied.</p>
</td></tr></table></section><section id="search" class="content hidden"></section><section class="footer"></section><script>window.rootPath = "../";window.currentCrate = "expected";</script><script src="../aliases.js"></script><script src="../main.js"></script><script defer src="../search-index.js"></script></body></html>