<!DOCTYPE html>
<html lang="en">
<head>
    <meta http-equiv="refresh" content="0;URL=macro.expect_eq.html">
</head>
<body>
    <p>Redirecting to <a href="macro.expect_eq.html">macro.expect_eq.html</a>...</p>
    <script>location.replace("macro.expect_eq.html" + location.search + location.hash);</script>
</body>
</html>