<!DOCTYPE html><html lang="en"><head><meta charset="utf-8"><meta name="viewport" content="width=device-width, initial-scale=1.0"><meta name="generator" content="rustdoc"><meta name="description" content="API documentation for the Rust `FutureExpectedExt` trait in crate `expected`."><meta name="keywords" content="rust, rustlang, rust-lang, FutureExpectedExt"><title>expected::FutureExpectedExt - Rust</title><link rel="stylesheet" type="text/css" href="../normalize.css"><link rel="stylesheet" type="text/css" href="../rustdoc.css" id="mainThemeStyle"><link rel="stylesheet" type="text/css" href="../dark.css"><link rel="stylesheet" type="text/css" href="../light.css" id="themeStyle"><script src="../storage.js"></script><noscript><link rel="stylesheet" href="../noscript.css"></noscript><link rel="shortcut icon" href="../favicon.ico"><style type="text/css">#crate-search{background-image:url("../down-arrow.svg");}</style></head><body class="rustdoc trait"><!--[if lte IE 8]><div class="warning">This old browser is unsupported and will most likely display funky things.</div><![endif]--><nav class="sidebar"><div class="sidebar-menu">&#9776;</div><a href='../expected/index.html'><div class='logo-container'><img src='../rust-logo.png' alt='logo'></div></a><p class='location'>Trait FutureExpectedExt</p><div class="sidebar-elems"><div class="block items"><a class="sidebar-title" href="#provided-methods">Provided Methods</a><div class="sidebar-links"><a href="#method.expected">expected</a></div><a class="sidebar-title" href="#implementors">Implementors</a></div><p class='location'><a href='index.html'>expected</a></p><script>window.sidebarCurrent = {name: 'FutureExpectedExt', ty: 'trait', relpath: ''};</script><script defer src="sidebar-items.js"></script></div></nav><div class="theme-picker"><button id="theme-picker" aria-label="Pick another theme!"><img src="../brush.svg" width="18" alt="Pick another theme!"></button><div id="theme-choices"></div></div><script src="../theme.js"></script><nav class="sub"><form class="search-form"><div class="search-container"><div><select id="crate-search"><option value="All crates">All crates</option></select><input class="search-input" name="search" disabled autocomplete="off" spellcheck="false" placeholder="Click or press ‘S’ to search, ‘?’ for more options…" type="search"></div><a id="settings-menu" href="../settings.html"><img src="../wheel.svg" width="18" alt="Change settings"></a></div></form></nav><section id="main" class="content"><h1 class='fqn'><span class='out-of-band'><span id='render-detail'><a id="toggle-all-docs" href="javascript:void(0)" title="collapse all docs">[<span class='inner'>&#x2212;</span>]</a></span><a class='srclink' href='../src/expected/futures.rs.html#42-78' title='goto source code'>[src]</a></span><span class='in-band'>Trait <a href='index.html'>expected</a>::<wbr><a class="trait" href=''>FutureExpectedExt</a></span></h1><div class="docblock type-decl hidden-by-usual-hider"><pre class='rust trait'>pub trait FutureExpectedExt: <a class="trait" href="https://doc.rust-lang.org/nightly/core/future/future/trait.Future.html" title="trait core::future::future::Future">Future</a> + <a class="trait" href="https://doc.rust-lang.org/nightly/core/marker/trait.Sized.html" title="trait core::marker::Sized">Sized</a> {
    fn <a href='#method.expected' class='fnname'>expected</a>(self) -&gt; <a class="struct" href="../expected/struct.Expected.html" title="struct expected::Expected">Expected</a>&lt;Self&gt; { ... }
}</pre></div><div class='docblock'><p>An extension trait for <code>Future</code>s that provides an adaptor for tracking
that all expectations are satisfied.</p>
</div>
            <h2 id='provided-methods' class='small-section-header'>Provided methods<a href='#provided-methods' class='anchor'></a></h2><div class='methods'><h3 id='method.expected' class='method'><div class="important-traits"><div class='tooltip'>ⓘ<span class='tooltiptext'>Important traits for <a class="struct" href="../expected/struct.Expected.html" title="struct expected::Expected">Expected</a>&lt;Fut&gt;</span></div><div class="content hidden"><h3 class="important">Important traits for <a class="struct" href="../expected/struct.Expected.html" title="struct expected::Expected">Expected</a>&lt;Fut&gt;</h3><code class="content"><span class="where fmt-newline">impl&lt;Fut&gt; <a class="trait" href="https://doc.rust-lang.org/nightly/core/future/future/trait.Future.html" title="trait core::future::future::Future">Future</a> for <a class="struct" href="../expected/struct.Expected.html" title="struct expected::Expected">Expected</a>&lt;Fut&gt; <span class="where fmt-newline">where<br>&nbsp;&nbsp;&nbsp;&nbsp;Fut: <a class="trait" href="https://doc.rust-lang.org/nightly/core/future/future/trait.Future.html" title="trait core::future::future::Future">Future</a>,&nbsp;</span></span><span class="where fmt-newline">    type <a href='https://doc.rust-lang.org/nightly/core/future/future/trait.Future.html#associatedtype.Output' class="type">Output</a> = <a class="primitive" href="https://doc.rust-lang.org/nightly/std/primitive.tuple.html">(</a>Fut::<a class="type" href="https://doc.rust-lang.org/nightly/core/future/future/trait.Future.html#associatedtype.Output" title="type core::future::future::Future::Output">Output</a>, <a class="enum" href="https://doc.rust-lang.org/nightly/core/option/enum.Option.html" title="enum core::option::Option">Option</a>&lt;<a class="struct" href="../expected/struct.Disappoints.html" title="struct expected::Disappoints">Disappoints</a>&gt;<a class="primitive" href="https://doc.rust-lang.org/nightly/std/primitive.tuple.html">)</a>;</span></code></div></div><code id='expected.v'>fn <a href='#method.expected' class='fnname'>expected</a>(self) -&gt; <a class="struct" href="../expected/struct.Expected.html" title="struct expected::Expected">Expected</a>&lt;Self&gt;</code></h3><div class='docblock'><p>See that all expectations are satisfied until the future is completed.</p>
<h1 id="example" class="section-header"><a href="#example">Example</a></h1>
<div class="example-wrap"><pre class="rust rust-example-rendered">
<span class="kw">use</span> <span class="ident">expected</span>::{<span class="ident">expect</span>, <span class="ident">expect_eq</span>};
<span class="kw">use</span> <span class="ident">expected</span>::<span class="ident">FutureExpectedExt</span> <span class="kw">as</span> <span class="kw">_</span>;

<span class="kw">let</span> <span class="ident">name</span> <span class="op">=</span> <span class="string">&quot;Alice&quot;</span>;
<span class="kw">let</span> <span class="ident">country</span> <span class="op">=</span> <span class="string">&quot;Wonderland&quot;</span>;
<span class="kw">let</span> <span class="ident">age</span> <span class="op">=</span> <span class="number">14</span>;

<span class="kw">let</span> <span class="ident">fut</span> <span class="op">=</span> <span class="kw">async</span> {
    <span class="macro">expect_eq</span><span class="macro">!</span>(<span class="ident">name</span>, <span class="string">&quot;Alice&quot;</span>);
    <span class="macro">expect</span><span class="macro">!</span>(<span class="ident">country</span>.<span class="ident">contains</span>(<span class="string">&quot;land&quot;</span>));
    <span class="comment">// ...</span>
    <span class="macro">expect</span><span class="macro">!</span>(<span class="ident">age</span> <span class="op">&gt;</span><span class="op">=</span> <span class="number">20</span>);
};

<span class="kw">let</span> (<span class="kw">_</span>, <span class="ident">disappoints</span>) <span class="op">=</span> <span class="ident">fut</span>.<span class="ident">expected</span>().<span class="kw">await</span>;

<span class="kw">if</span> <span class="kw">let</span> <span class="prelude-val">Some</span>(<span class="ident">disappoints</span>) <span class="op">=</span> <span class="ident">disappoints</span> {
    <span class="macro">eprintln</span><span class="macro">!</span>(<span class="string">&quot;{}&quot;</span>, <span class="ident">disappoints</span>);
}</pre></div>
</div></div><span class='loading-content'>Loading content...</span>
            <h2 id='implementors' class='small-section-header'>Implementors<a href='#implementors' class='anchor'></a></h2><div class='item-list' id='implementors-list'><h3 id='impl-FutureExpectedExt' class='impl'><code class='in-band'>impl&lt;F:&nbsp;<a class="trait" href="https://doc.rust-lang.org/nightly/core/future/future/trait.Future.html" title="trait core::future::future::Future">Future</a>&gt; FutureExpectedExt for F</code><a href='#impl-FutureExpectedExt' class='anchor'></a><a class='srclink' href='../src/expected/futures.rs.html#80' title='goto source code'>[src]</a></h3><div class='impl-items'></div></div><span class='loading-content'>Loading content...</span><script type="text/javascript" src="../implementors/expected/trait.FutureExpectedExt.js" async></script></section><section id="search" class="content hidden"></section><section class="footer"></section><script>window.rootPath = "../";window.currentCrate = "expected";</script><script src="../aliases.js"></script><script src="../main.js"></script><script defer src="../search-index.js"></script></body></html>