<!DOCTYPE html>
<html lang="en">
<head>
    <meta http-equiv="refresh" content="0;URL=../../expected/struct.Disappoints.html">
</head>
<body>
    <p>Redirecting to <a href="../../expected/struct.Disappoints.html">../../expected/struct.Disappoints.html</a>...</p>
    <script>location.replace("../../expected/struct.Disappoints.html" + location.search + location.hash);</script>
</body>
</html>