<!DOCTYPE html>
<html lang="en">
<head>
    <meta http-equiv="refresh" content="0;URL=../../expected/trait.FutureExpectedExt.html">
</head>
<body>
    <p>Redirecting to <a href="../../expected/trait.FutureExpectedExt.html">../../expected/trait.FutureExpectedExt.html</a>...</p>
    <script>location.replace("../../expected/trait.FutureExpectedExt.html" + location.search + location.hash);</script>
</body>
</html>